// Jest Snapshot v1, https://goo.gl/fbAQLP

exports[`Home Renders Correctly 1`] = `
<View
  style={
    Object {
      "alignItems": "center",
      "backgroundColor": "white",
      "flex": 1,
    }
  }
>
  <View
    accessible={true}
    focusable={true}
    onClick={[Function]}
    onResponderGrant={[Function]}
    onResponderMove={[Function]}
    onResponderRelease={[Function]}
    onResponderTerminate={[Function]}
    onResponderTerminationRequest={[Function]}
    onStartShouldSetResponder={[Function]}
  >
    <Image
      source={
        Object {
          "uri": undefined,
        }
      }
      style={
        Object {
          "borderRadius": 75,
          "height": 150,
          "margin": 25,
          "width": 150,
        }
      }
    />
  </View>
  <TextInput
    allowFontScaling={true}
    multiline={true}
    numberOfLines={1}
    onChangeText={[Function]}
    placeholder="Name"
    rejectResponderTermination={true}
    style={
      Object {
        "alignItems": "center",
        "backgroundColor": "#FBE4F3",
        "borderRadius": 5,
        "display": "flex",
        "flexDirection": "column",
        "justifyContent": "center",
        "marginVertical": 10,
        "padding": 10,
        "textAlign": "center",
        "width": "75%",
      }
    }
    underlineColorAndroid="transparent"
    value="Diego"
  />
  <TextInput
    allowFontScaling={true}
    multiline={true}
    numberOfLines={1}
    onChangeText={[Function]}
    placeholder="E-mail"
    rejectResponderTermination={true}
    style={
      Object {
        "alignItems": "center",
        "backgroundColor": "#FBE4F3",
        "borderRadius": 5,
        "display": "flex",
        "flexDirection": "column",
        "justifyContent": "center",
        "marginVertical": 10,
        "padding": 10,
        "textAlign": "center",
        "width": "75%",
      }
    }
    underlineColorAndroid="transparent"
    value="email"
  />
  <TextInput
    allowFontScaling={true}
    multiline={true}
    numberOfLines={4}
    onChangeText={[Function]}
    placeholder="Description"
    rejectResponderTermination={true}
    style={
      Object {
        "alignItems": "center",
        "backgroundColor": "#FBE4F3",
        "borderRadius": 5,
        "display": "flex",
        "flexDirection": "column",
        "justifyContent": "center",
        "marginVertical": 10,
        "padding": 10,
        "textAlign": "center",
        "width": "75%",
      }
    }
    underlineColorAndroid="transparent"
    value="alskjfalsk"
  />
  <View
    accessible={true}
    focusable={true}
    onClick={[Function]}
    onResponderGrant={[Function]}
    onResponderMove={[Function]}
    onResponderRelease={[Function]}
    onResponderTerminate={[Function]}
    onResponderTerminationRequest={[Function]}
    onStartShouldSetResponder={[Function]}
    style={
      Object {
        "alignItems": "center",
        "backgroundColor": "#593CA1",
        "borderRadius": 50,
        "display": "flex",
        "height": 50,
        "justifyContent": "center",
        "marginVertical": 50,
        "opacity": 1,
        "width": "50%",
      }
    }
  >
    <Text
      style={
        Object {
          "color": "#FBE4F3",
          "fontWeight": "bold",
        }
      }
    >
      Login
    </Text>
  </View>
</View>
`;
